# 52 games: ['heal_any', 'v9now'] x 13 opponents x 2 sides x 1
[   1/52] heal_any   vs gang7       B0 W elimination@6000 cap=+0.40 K/L=60/8 minbank=500000 fb=0
[   2/52] heal_any   vs gang7       A0 W elimination@6000 cap=+0.39 K/L=57/13 minbank=500000 fb=0
[   3/52] heal_any   vs jkt_cover   B0 W elimination@6489 cap=+0.45 K/L=62/2 minbank=500000 fb=0
[   4/52] heal_any   vs jkt_cover   A0 W elimination@6483 cap=+0.45 K/L=62/3 minbank=500000 fb=0
[   5/52] heal_any   vs v12         A0 W elimination@7387 cap=+0.47 K/L=78/18 minbank=500000 fb=0
[   6/52] heal_any   vs gangx       A0 W elimination@6527 cap=+0.54 K/L=58/5 minbank=500000 fb=0
[   7/52] heal_any   vs v7          B0 W elimination@7339 cap=+0.46 K/L=71/7 minbank=500000 fb=0
[   8/52] heal_any   vs gangx       B0 W elimination@7117 cap=+0.74 K/L=63/6 minbank=500000 fb=0
[   9/52] heal_any   vs noey        B0 W elimination@6649 cap=+0.44 K/L=68/0 minbank=500000 fb=0
[  10/52] heal_any   vs v7          A0 W elimination@7712 cap=+0.39 K/L=64/4 minbank=500000 fb=0
[  11/52] heal_any   vs jkt         A0 W payload_progress@9000 cap=+0.45 K/L=58/6 minbank=500000 fb=0
[  12/52] heal_any   vs v12         B0 L elimination@8170 cap=-0.69 K/L=9/65 minbank=499843 fb=0
[  13/52] heal_any   vs jkt         B0 W payload_progress@9000 cap=+0.32 K/L=49/2 minbank=500000 fb=0
[  14/52] heal_any   vs clanker     B0 W elimination@6825 cap=+0.45 K/L=62/2 minbank=500000 fb=0
[  15/52] heal_any   vs noey        A0 W payload_progress@9000 cap=+0.41 K/L=48/0 minbank=500000 fb=0
[  16/52] heal_any   vs st24        A0 W elimination@7782 cap=+0.41 K/L=87/31 minbank=500000 fb=0
[  17/52] heal_any   vs clanker     A0 W payload_progress@9000 cap=+0.34 K/L=55/3 minbank=500000 fb=0
[  18/52] heal_any   vs st24        B0 W elimination@8430 cap=+0.52 K/L=87/14 minbank=500000 fb=0
[  19/52] heal_any   vs g3_heal45   A0 W elimination@6771 cap=+0.43 K/L=78/0 minbank=500000 fb=0
[  20/52] heal_any   vs dibsfa8     A0 W payload_progress@9000 cap=+0.48 K/L=67/0 minbank=500000 fb=0
[  21/52] heal_any   vs dibsfa_turtle A0 W payload_progress@9000 cap=+0.61 K/L=53/41 minbank=500000 fb=0
[  22/52] heal_any   vs dibsfa_turtle B0 W payload_progress@9000 cap=+0.57 K/L=39/46 minbank=500000 fb=0
[  23/52] heal_any   vs dibsfa8     B0 W payload_progress@9000 cap=+0.33 K/L=68/1 minbank=500000 fb=0
[  24/52] v9now      vs v12         A0 W elimination@7752 cap=+0.45 K/L=78/9 minbank=500000 fb=0
[  25/52] v9now      vs v7          A0 W elimination@6641 cap=+0.48 K/L=78/8 minbank=500000 fb=0
[  26/52] v9now      vs jkt         B0 W elimination@6509 cap=+0.45 K/L=62/1 minbank=500000 fb=0
[  27/52] v9now      vs jkt_cover   A0 W elimination@6474 cap=+0.45 K/L=62/2 minbank=500000 fb=0
[  28/52] v9now      vs jkt         A0 W elimination@7323 cap=+0.21 K/L=62/14 minbank=500000 fb=0
[  29/52] heal_any   vs stacker     A0 W elimination@7141 cap=+0.15 K/L=63/0 minbank=500000 fb=0
[  30/52] v9now      vs v12         B0 L elimination@7752 cap=-0.45 K/L=9/78 minbank=499790 fb=0
[  31/52] heal_any   vs g3_heal45   B0 W payload_progress@9000 cap=+0.35 K/L=60/0 minbank=500000 fb=0
[  32/52] v9now      vs jkt_cover   B0 W elimination@6499 cap=+0.46 K/L=62/4 minbank=500000 fb=0
[  33/52] v9now      vs gang7       A0 W elimination@6000 cap=+0.41 K/L=57/6 minbank=500000 fb=0
[  34/52] v9now      vs v7          B0 W elimination@7734 cap=+0.44 K/L=78/6 minbank=500000 fb=0
[  35/52] v9now      vs gang7       B0 W elimination@6241 cap=+0.38 K/L=63/7 minbank=500000 fb=0
[  36/52] heal_any   vs stacker     B0 W elimination@7624 cap=+0.13 K/L=39/1 minbank=500000 fb=0
[  37/52] v9now      vs clanker     A0 W elimination@6625 cap=+0.45 K/L=62/3 minbank=500000 fb=0
[  38/52] v9now      vs gangx       A0 W payload_progress@9000 cap=+0.40 K/L=59/4 minbank=500000 fb=0
[  39/52] v9now      vs gangx       B0 W payload_progress@9000 cap=+0.31 K/L=60/5 minbank=500000 fb=0
[  40/52] v9now      vs clanker     B0 W elimination@6682 cap=+0.47 K/L=62/3 minbank=500000 fb=0
[  41/52] v9now      vs noey        A0 W payload_progress@9000 cap=+0.35 K/L=54/0 minbank=500000 fb=0
[  42/52] v9now      vs st24        B0 W payload_progress@9000 cap=+0.38 K/L=82/9 minbank=500000 fb=0
[  43/52] v9now      vs dibsfa8     B0 W payload_progress@9000 cap=+0.46 K/L=74/0 minbank=500000 fb=0
[  44/52] v9now      vs dibsfa8     A0 W payload_progress@9000 cap=+0.45 K/L=74/0 minbank=500000 fb=0
[  45/52] v9now      vs noey        B0 W payload_progress@9000 cap=+0.33 K/L=34/3 minbank=500000 fb=0
[  46/52] v9now      vs st24        A0 W payload_progress@9000 cap=+0.23 K/L=46/34 minbank=500000 fb=0
[  47/52] v9now      vs dibsfa_turtle A0 W payload_progress@9000 cap=+0.70 K/L=64/47 minbank=500000 fb=0
[  48/52] v9now      vs dibsfa_turtle B0 W payload_progress@9000 cap=+0.59 K/L=36/55 minbank=500000 fb=0
[  49/52] v9now      vs g3_heal45   A0 W payload_progress@9000 cap=+0.45 K/L=71/0 minbank=500000 fb=0
[  50/52] v9now      vs g3_heal45   B0 W payload_progress@9000 cap=+0.48 K/L=59/2 minbank=500000 fb=0
[  51/52] v9now      vs stacker     A0 W elimination@7138 cap=+0.15 K/L=63/0 minbank=499975 fb=0
[  52/52] v9now      vs stacker     B0 W elimination@7624 cap=+0.13 K/L=39/1 minbank=499916 fb=0

(52 games, 158s) results: tools/arena/results/heal_any_quick.jsonl
candidate      W   D   L  @9000 avg tick       K/L  shots  hit%  minbank fallback
heal_any      25   0   1      9     7748 1565/278   10268   87%   499843        0
   not won: v12:B0(elimination@8170)
v9now         25   0   1     12     7884 1550/301    9666   86%   499790        0
   not won: v12:B0(elimination@7752)
heal_any vs baseline push3: newly lost -; newly won -
v9now vs baseline push3: newly lost -; newly won -
